// Jest Snapshot v1, https://goo.gl/fbAQLP

exports[`test withAuthData test withAuthData! 1`] = `null`;
