// Jest Snapshot v1, https://goo.gl/fbAQLP

exports[`Render Map connected to store component Should Map connected to store render correctly 1`] = `
<div
  id="map"
  style={
    Object {
      "height": "100%",
    }
  }
/>
`;

exports[`Should Map render correctly 1`] = `
<div
  id="map"
  style={
    Object {
      "height": "100%",
    }
  }
/>
`;
