// Jest Snapshot v1, https://goo.gl/fbAQLP

exports[`Should AuthScreen render correctly 1`] = `null`;
