// Jest Snapshot v1, https://goo.gl/fbAQLP

exports[`test with data test with data! 1`] = `null`;
