// Jest Snapshot v1, https://goo.gl/fbAQLP

exports[`Should Review render correctly 1`] = `
Array [
  <div
    className="reviews__user user"
  >
    <div
      className="reviews__avatar-wrapper user__avatar-wrapper"
    >
      <img
        alt="Max avatar"
        className="reviews__avatar user__avatar"
        height="54"
        src="https://assets.htmlacademy.ru/intensives/javascript-3/avatar/7.jpg"
        width="54"
      />
    </div>
    <span
      className="reviews__user-name"
    >
      
    </span>
  </div>,
  <div
    className="reviews__info"
  >
    <div
      className="reviews__rating rating"
    >
      <div
        className="reviews__stars rating__stars"
      >
        <span
          style={
            Object {
              "width": "80%",
            }
          }
        />
        <span
          className="visually-hidden"
        >
          Rating
        </span>
      </div>
    </div>
    <p
      className="reviews__text"
    >
      Ad quiet cozy and picturesque that hides behind a a river by the unique lightness of Amsterdam. The building is green and from 18th century.
    </p>
    <time
      className="reviews__time"
      dateTime="2019-04-24"
    >
      May
       
      2019
    </time>
  </div>,
]
`;
