// Jest Snapshot v1, https://goo.gl/fbAQLP

exports[`test withActiveFlag test withActiveFlag! 1`] = `null`;
