// Jest Snapshot v1, https://goo.gl/fbAQLP

exports[`Should PlacesList render correctly 1`] = `
Array [
  <article
    className=" cities__place-card place-card"
    id={1}
    onMouseEnter={[Function]}
    onMouseLeave={[Function]}
  >
    <div
      className="place-card__mark"
    >
      <span>
        Premium
      </span>
    </div>
    <div
      className="__image-wrapper place-card__image-wrapper"
    >
      <a
        href="#"
      >
        <img
          alt=" image"
          className="place-card__image"
          height="220"
          src="http://placehold.it/260x200/33bee5&text=view1"
          width="260"
        />
      </a>
    </div>
    <div
      className=" place-card__info"
    >
      <div
        className="place-card__price-wrapper"
      >
        <div
          className="place-card__price"
        >
          <b
            className="place-card__price-value"
          >
            €
            195
          </b>
          <span
            className="place-card__price-text"
          >
            / night
          </span>
        </div>
        <button
          className="place-card__bookmark-button place-card__bookmark-button--active button"
          onClick={[Function]}
          type="button"
        >
          <svg
            className="place-card__bookmark-icon"
            height="19"
            width="18"
          >
            <use
              xlinkHref="#icon-bookmark"
            />
          </svg>
          <span
            className="visually-hidden"
          >
            In bookmarks
          </span>
        </button>
      </div>
      <div
        className="place-card__rating rating"
      >
        <div
          className="place-card__stars rating__stars"
        >
          <span
            style={
              Object {
                "width": "100%",
              }
            }
          />
          <span
            className="visually-hidden"
          >
            Rating
          </span>
        </div>
      </div>
      <h2
        className="place-card__name"
      >
        <a
          href="#"
        >
          Beautiful & luxurious studio at great location
        </a>
      </h2>
      <p
        className="place-card__type"
      >
        Apartment
      </p>
    </div>
  </article>,
  <article
    className=" cities__place-card place-card"
    id={1}
    onMouseEnter={[Function]}
    onMouseLeave={[Function]}
  >
    <div
      className="place-card__mark"
    >
      <span>
        Premium
      </span>
    </div>
    <div
      className="__image-wrapper place-card__image-wrapper"
    >
      <a
        href="#"
      >
        <img
          alt=" image"
          className="place-card__image"
          height="220"
          src="http://placehold.it/260x200/33bee5&text=view1"
          width="260"
        />
      </a>
    </div>
    <div
      className=" place-card__info"
    >
      <div
        className="place-card__price-wrapper"
      >
        <div
          className="place-card__price"
        >
          <b
            className="place-card__price-value"
          >
            €
            195
          </b>
          <span
            className="place-card__price-text"
          >
            / night
          </span>
        </div>
        <button
          className="place-card__bookmark-button place-card__bookmark-button--active button"
          onClick={[Function]}
          type="button"
        >
          <svg
            className="place-card__bookmark-icon"
            height="19"
            width="18"
          >
            <use
              xlinkHref="#icon-bookmark"
            />
          </svg>
          <span
            className="visually-hidden"
          >
            In bookmarks
          </span>
        </button>
      </div>
      <div
        className="place-card__rating rating"
      >
        <div
          className="place-card__stars rating__stars"
        >
          <span
            style={
              Object {
                "width": "100%",
              }
            }
          />
          <span
            className="visually-hidden"
          >
            Rating
          </span>
        </div>
      </div>
      <h2
        className="place-card__name"
      >
        <a
          href="#"
        >
          Beautiful & luxurious studio at great location
        </a>
      </h2>
      <p
        className="place-card__type"
      >
        Apartment
      </p>
    </div>
  </article>,
  <article
    className=" cities__place-card place-card"
    id={1}
    onMouseEnter={[Function]}
    onMouseLeave={[Function]}
  >
    <div
      className="place-card__mark"
    >
      <span>
        Premium
      </span>
    </div>
    <div
      className="__image-wrapper place-card__image-wrapper"
    >
      <a
        href="#"
      >
        <img
          alt=" image"
          className="place-card__image"
          height="220"
          src="http://placehold.it/260x200/33bee5&text=view1"
          width="260"
        />
      </a>
    </div>
    <div
      className=" place-card__info"
    >
      <div
        className="place-card__price-wrapper"
      >
        <div
          className="place-card__price"
        >
          <b
            className="place-card__price-value"
          >
            €
            195
          </b>
          <span
            className="place-card__price-text"
          >
            / night
          </span>
        </div>
        <button
          className="place-card__bookmark-button place-card__bookmark-button--active button"
          onClick={[Function]}
          type="button"
        >
          <svg
            className="place-card__bookmark-icon"
            height="19"
            width="18"
          >
            <use
              xlinkHref="#icon-bookmark"
            />
          </svg>
          <span
            className="visually-hidden"
          >
            In bookmarks
          </span>
        </button>
      </div>
      <div
        className="place-card__rating rating"
      >
        <div
          className="place-card__stars rating__stars"
        >
          <span
            style={
              Object {
                "width": "100%",
              }
            }
          />
          <span
            className="visually-hidden"
          >
            Rating
          </span>
        </div>
      </div>
      <h2
        className="place-card__name"
      >
        <a
          href="#"
        >
          Beautiful & luxurious studio at great location
        </a>
      </h2>
      <p
        className="place-card__type"
      >
        Apartment
      </p>
    </div>
  </article>,
  <article
    className=" cities__place-card place-card"
    id={1}
    onMouseEnter={[Function]}
    onMouseLeave={[Function]}
  >
    <div
      className="place-card__mark"
    >
      <span>
        Premium
      </span>
    </div>
    <div
      className="__image-wrapper place-card__image-wrapper"
    >
      <a
        href="#"
      >
        <img
          alt=" image"
          className="place-card__image"
          height="220"
          src="http://placehold.it/260x200/33bee5&text=view1"
          width="260"
        />
      </a>
    </div>
    <div
      className=" place-card__info"
    >
      <div
        className="place-card__price-wrapper"
      >
        <div
          className="place-card__price"
        >
          <b
            className="place-card__price-value"
          >
            €
            195
          </b>
          <span
            className="place-card__price-text"
          >
            / night
          </span>
        </div>
        <button
          className="place-card__bookmark-button place-card__bookmark-button--active button"
          onClick={[Function]}
          type="button"
        >
          <svg
            className="place-card__bookmark-icon"
            height="19"
            width="18"
          >
            <use
              xlinkHref="#icon-bookmark"
            />
          </svg>
          <span
            className="visually-hidden"
          >
            In bookmarks
          </span>
        </button>
      </div>
      <div
        className="place-card__rating rating"
      >
        <div
          className="place-card__stars rating__stars"
        >
          <span
            style={
              Object {
                "width": "100%",
              }
            }
          />
          <span
            className="visually-hidden"
          >
            Rating
          </span>
        </div>
      </div>
      <h2
        className="place-card__name"
      >
        <a
          href="#"
        >
          Beautiful & luxurious studio at great location
        </a>
      </h2>
      <p
        className="place-card__type"
      >
        Apartment
      </p>
    </div>
  </article>,
]
`;
